TN:
SF:src/MyModule/Foo.hs
FN:1,foo1
FN:5,foo2
FNDA:0,foo1
FNDA:1,foo2
FNF:2
FNH:1
BRDA:1,100,0,10
BRDA:1,100,1,5
BRF:2
BRH:1
DA:1,10
LF:1
LH:1
end_of_record
TN:
SF:src/MyModule/Bar.hs
FNF:0
FNH:0
BRF:0
BRH:0
LF:0
LH:0
end_of_record
TN:
SF:src/MyModule/Bar/Baz.hs
FN:1,baz1
FNDA:10,baz1
FNF:1
FNH:1
BRDA:1,200,0,0
BRDA:1,200,1,0
BRF:2
BRH:0
DA:1,0
LF:1
LH:0
end_of_record
